// Jest Snapshot v1, https://goo.gl/fbAQLP

exports[`Test render ProductCard Test render ProductCard 1`] = `
<a
  className="m-2 card"
  href="/Produit/1"
  onClick={[Function]}
  style={
    {
      "width": "undefinedrem",
    }
  }
>
  <img
    alt="Photo du Produit 1"
    className="card-img-top"
    src="test"
  />
  <div
    className="card-body"
  >
    <h5
      className="card-title"
    >
      Produit 1
    </h5>
    <p
      className="card-text"
    >
      Produit 1 ...
    </p>
  </div>
</a>
`;
